E:\课题组\WeaveTP_代码与实验资料_20260920\code\current\megatron\core\optimizer\__init__.py:25: UserWarning: Transformer Engine and Apex are not installed. Falling back to Torch optimizers.
  warnings.warn(
E:\课题组\WeaveTP_代码与实验资料_20260920\code\current\megatron\core\distributed\fsdp\src\megatron_fsdp\mixed_precision.py:115: UserWarning: Transformer Engine and Apex are not installed. Falling back to local implementations of multi_tensor_applier and multi_tensor_scale
  warnings.warn(
E:\课题组\WeaveTP_代码与实验资料_20260920\code\current\megatron\core\optimizer\optimizer.py:29: UserWarning: Transformer Engine and Apex are not installed. Falling back to local implementations of multi_tensor_applier and multi_tensor_scale
  warnings.warn(
E:\课题组\WeaveTP_代码与实验资料_20260920\code\current\megatron\core\optimizer\clip_grads.py:32: UserWarning: Transformer Engine and Apex are not installed. Falling back to local implementations of multi_tensor_applier, multi_tensor_l2norm, and multi_tensor_scale
  warnings.warn(
E:\课题组\WeaveTP_代码与实验资料_20260920\code\current\megatron\core\hyper_comm_grid.py:26: UserWarning: absl.logging is not installed. Using logging.getLogger(__name__) instead. Please install absl.logging with `pip install absl-py` to use absl.logging.
  warnings.warn(
E:\课题组\WeaveTP_代码与实验资料_20260920\code\current\megatron\core\models\backends.py:34: UserWarning: Apex is not installed. Falling back to Torch Norm
  warnings.warn("Apex is not installed. Falling back to Torch Norm")
test_actual_planner_covers_each_destination_once_both_directions (__main__.MetadataTests.test_actual_planner_covers_each_destination_once_both_directions) ... ok
test_formal_rank_groups (__main__.MetadataTests.test_formal_rank_groups) ... ok
test_historical_gate_rejects_byte_and_token_mismatches (__main__.MetadataTests.test_historical_gate_rejects_byte_and_token_mismatches) ... ok
test_metadata_never_allocates_tensor_storage (__main__.MetadataTests.test_metadata_never_allocates_tensor_storage) ... ok
test_profile_identity_and_no_implicit_16_rank_expansion (__main__.MetadataTests.test_profile_identity_and_no_implicit_16_rank_expansion) ... ok
test_reference_gate_rejects_over_five_percent (__main__.MetadataTests.test_reference_gate_rejects_over_five_percent) ... ok
test_synthetic_units_blocks_and_formal_rejection_after_rename (__main__.MetadataTests.test_synthetic_units_blocks_and_formal_rejection_after_rename) ... ok
test_traffic_accounting_and_fifo_final_flush (__main__.MetadataTests.test_traffic_accounting_and_fifo_final_flush) ... ok

----------------------------------------------------------------------
Ran 8 tests in 5.151s

OK
