E:\课题组\WeaveTP_代码与实验资料_20260920\code\current\megatron\core\optimizer\__init__.py:25: UserWarning: Transformer Engine and Apex are not installed. Falling back to Torch optimizers.
  warnings.warn(
E:\课题组\WeaveTP_代码与实验资料_20260920\code\current\megatron\core\distributed\fsdp\src\megatron_fsdp\mixed_precision.py:115: UserWarning: Transformer Engine and Apex are not installed. Falling back to local implementations of multi_tensor_applier and multi_tensor_scale
  warnings.warn(
E:\课题组\WeaveTP_代码与实验资料_20260920\code\current\megatron\core\optimizer\optimizer.py:29: UserWarning: Transformer Engine and Apex are not installed. Falling back to local implementations of multi_tensor_applier and multi_tensor_scale
  warnings.warn(
E:\课题组\WeaveTP_代码与实验资料_20260920\code\current\megatron\core\optimizer\clip_grads.py:32: UserWarning: Transformer Engine and Apex are not installed. Falling back to local implementations of multi_tensor_applier, multi_tensor_l2norm, and multi_tensor_scale
  warnings.warn(
E:\课题组\WeaveTP_代码与实验资料_20260920\code\current\megatron\core\hyper_comm_grid.py:26: UserWarning: absl.logging is not installed. Using logging.getLogger(__name__) instead. Please install absl.logging with `pip install absl-py` to use absl.logging.
  warnings.warn(
E:\课题组\WeaveTP_代码与实验资料_20260920\code\current\megatron\core\models\backends.py:34: UserWarning: Apex is not installed. Falling back to Torch Norm
  warnings.warn("Apex is not installed. Falling back to Torch Norm")
test_actual_formal_checks (__main__.W2EvidenceTests.test_actual_formal_checks) ... ok
test_actual_wave_driven_kv_and_accounting (__main__.W2EvidenceTests.test_actual_wave_driven_kv_and_accounting) ... ok
test_eight_card_shrink_really_restores_default (__main__.W2EvidenceTests.test_eight_card_shrink_really_restores_default) ... ok
test_frozen_fit_and_source (__main__.W2EvidenceTests.test_frozen_fit_and_source) ... ok
test_sixteen_card_baseline_label_is_not_default_geometry (__main__.W2EvidenceTests.test_sixteen_card_baseline_label_is_not_default_geometry) ... ok
test_timing_direction_split_and_network_order (__main__.W2EvidenceTests.test_timing_direction_split_and_network_order) ... ok

----------------------------------------------------------------------
Ran 6 tests in 0.164s

OK
