E:\课题组\WeaveTP_代码与实验资料_20260920\code\current\megatron\core\optimizer\__init__.py:25: UserWarning: Transformer Engine and Apex are not installed. Falling back to Torch optimizers.
  warnings.warn(
E:\课题组\WeaveTP_代码与实验资料_20260920\code\current\megatron\core\distributed\fsdp\src\megatron_fsdp\mixed_precision.py:115: UserWarning: Transformer Engine and Apex are not installed. Falling back to local implementations of multi_tensor_applier and multi_tensor_scale
  warnings.warn(
E:\课题组\WeaveTP_代码与实验资料_20260920\code\current\megatron\core\optimizer\optimizer.py:29: UserWarning: Transformer Engine and Apex are not installed. Falling back to local implementations of multi_tensor_applier and multi_tensor_scale
  warnings.warn(
E:\课题组\WeaveTP_代码与实验资料_20260920\code\current\megatron\core\optimizer\clip_grads.py:32: UserWarning: Transformer Engine and Apex are not installed. Falling back to local implementations of multi_tensor_applier, multi_tensor_l2norm, and multi_tensor_scale
  warnings.warn(
E:\课题组\WeaveTP_代码与实验资料_20260920\code\current\megatron\core\hyper_comm_grid.py:26: UserWarning: absl.logging is not installed. Using logging.getLogger(__name__) instead. Please install absl.logging with `pip install absl-py` to use absl.logging.
  warnings.warn(
E:\课题组\WeaveTP_代码与实验资料_20260920\code\current\megatron\core\models\backends.py:34: UserWarning: Apex is not installed. Falling back to Torch Norm
  warnings.warn("Apex is not installed. Falling back to Torch Norm")
test_full_matrix_uses_second_node_measurements (__main__.AnalysisTests.test_full_matrix_uses_second_node_measurements) ... ok
test_real_profile_and_frozen_calibration (__main__.AnalysisTests.test_real_profile_and_frozen_calibration) ... ok
test_real_two_direction_gates_and_reported_peak_counterexample (__main__.AnalysisTests.test_real_two_direction_gates_and_reported_peak_counterexample) ... ok
test_saved_rank_loads_recompute_from_every_wave (__main__.AnalysisTests.test_saved_rank_loads_recompute_from_every_wave) ... ok
test_shared_full_duplex_nic_aggregates_pairs (__main__.AnalysisTests.test_shared_full_duplex_nic_aggregates_pairs) ... ok

----------------------------------------------------------------------
Ran 5 tests in 4.496s

OK
