.F.F.F.F.F.F                                                             [100%]
================================== FAILURES ===================================
_ test_delta_writeback_finishes_before_receive_storage_reuse[2->4-dtype0-True] _
tests\unit_tests\resharding\test_delta_stream_lifetime.py:99: in test_delta_writeback_finishes_before_receive_storage_reuse
    torch.testing.assert_close(next(target.parameters()), next(source.parameters()), rtol=0, atol=0)
E   AssertionError: Tensor-likes are not equal!
E
E   Mismatched elements: 4 / 8 (50.0%)
E   Greatest absolute difference: 2.0 at index (0, 0)
E   Greatest relative difference: 2.0 at index (0, 0)
_ test_delta_writeback_finishes_before_receive_storage_reuse[2->4-dtype1-True] _
tests\unit_tests\resharding\test_delta_stream_lifetime.py:99: in test_delta_writeback_finishes_before_receive_storage_reuse
    torch.testing.assert_close(next(target.parameters()), next(source.parameters()), rtol=0, atol=0)
E   AssertionError: Tensor-likes are not equal!
E
E   Mismatched elements: 4 / 8 (50.0%)
E   Greatest absolute difference: 2.0 at index (0, 0)
E   Greatest relative difference: 2.0 at index (0, 0)
_ test_delta_writeback_finishes_before_receive_storage_reuse[2->4-dtype2-True] _
tests\unit_tests\resharding\test_delta_stream_lifetime.py:99: in test_delta_writeback_finishes_before_receive_storage_reuse
    torch.testing.assert_close(next(target.parameters()), next(source.parameters()), rtol=0, atol=0)
E   AssertionError: Tensor-likes are not equal!
E
E   Mismatched elements: 4 / 8 (50.0%)
E   Greatest absolute difference: 2.0 at index (0, 0)
E   Greatest relative difference: 2.0 at index (0, 0)
_ test_delta_writeback_finishes_before_receive_storage_reuse[4->2-dtype0-True] _
tests\unit_tests\resharding\test_delta_stream_lifetime.py:99: in test_delta_writeback_finishes_before_receive_storage_reuse
    torch.testing.assert_close(next(target.parameters()), next(source.parameters()), rtol=0, atol=0)
E   AssertionError: Tensor-likes are not equal!
E
E   Mismatched elements: 4 / 8 (50.0%)
E   Greatest absolute difference: 2.0 at index (0, 0)
E   Greatest relative difference: 2.0 at index (0, 0)
_ test_delta_writeback_finishes_before_receive_storage_reuse[4->2-dtype1-True] _
tests\unit_tests\resharding\test_delta_stream_lifetime.py:99: in test_delta_writeback_finishes_before_receive_storage_reuse
    torch.testing.assert_close(next(target.parameters()), next(source.parameters()), rtol=0, atol=0)
E   AssertionError: Tensor-likes are not equal!
E
E   Mismatched elements: 4 / 8 (50.0%)
E   Greatest absolute difference: 2.0 at index (0, 0)
E   Greatest relative difference: 2.0 at index (0, 0)
_ test_delta_writeback_finishes_before_receive_storage_reuse[4->2-dtype2-True] _
tests\unit_tests\resharding\test_delta_stream_lifetime.py:99: in test_delta_writeback_finishes_before_receive_storage_reuse
    torch.testing.assert_close(next(target.parameters()), next(source.parameters()), rtol=0, atol=0)
E   AssertionError: Tensor-likes are not equal!
E
E   Mismatched elements: 4 / 8 (50.0%)
E   Greatest absolute difference: 2.0 at index (0, 0)
E   Greatest relative difference: 2.0 at index (0, 0)
============================== warnings summary ===============================
megatron\core\optimizer\__init__.py:25
  E:\课题组\WeaveTP_代码与实验资料_20260920\code\current\megatron\core\optimizer\__init__.py:25: UserWarning: Transformer Engine and Apex are not installed. Falling back to Torch optimizers.
    warnings.warn(

megatron\core\distributed\fsdp\src\megatron_fsdp\mixed_precision.py:115
  E:\课题组\WeaveTP_代码与实验资料_20260920\code\current\megatron\core\distributed\fsdp\src\megatron_fsdp\mixed_precision.py:115: UserWarning: Transformer Engine and Apex are not installed. Falling back to local implementations of multi_tensor_applier and multi_tensor_scale
    warnings.warn(

megatron\core\optimizer\optimizer.py:29
  E:\课题组\WeaveTP_代码与实验资料_20260920\code\current\megatron\core\optimizer\optimizer.py:29: UserWarning: Transformer Engine and Apex are not installed. Falling back to local implementations of multi_tensor_applier and multi_tensor_scale
    warnings.warn(

megatron\core\optimizer\clip_grads.py:32
  E:\课题组\WeaveTP_代码与实验资料_20260920\code\current\megatron\core\optimizer\clip_grads.py:32: UserWarning: Transformer Engine and Apex are not installed. Falling back to local implementations of multi_tensor_applier, multi_tensor_l2norm, and multi_tensor_scale
    warnings.warn(

megatron\core\hyper_comm_grid.py:26
  E:\课题组\WeaveTP_代码与实验资料_20260920\code\current\megatron\core\hyper_comm_grid.py:26: UserWarning: absl.logging is not installed. Using logging.getLogger(__name__) instead. Please install absl.logging with `pip install absl-py` to use absl.logging.
    warnings.warn(

megatron\core\inference\contexts\__init__.py:9
  E:\课题组\WeaveTP_代码与实验资料_20260920\code\current\megatron\core\inference\contexts\__init__.py:9: DeprecationWarning: The following imports from `dynamic_context.py` will be removed in this file in `megatron-core` 0.14. The imports here result in a cyclic import issue that causes rotary embeddings to import from Apex rather than Transformer Engine.
    warnings.warn(

megatron\core\models\backends.py:34
  E:\课题组\WeaveTP_代码与实验资料_20260920\code\current\megatron\core\models\backends.py:34: UserWarning: Apex is not installed. Falling back to Torch Norm
    warnings.warn("Apex is not installed. Falling back to Torch Norm")

-- Docs: https://docs.pytest.org/en/stable/how-to/capture-warnings.html
=========================== short test summary info ===========================
FAILED tests/unit_tests/resharding/test_delta_stream_lifetime.py::test_delta_writeback_finishes_before_receive_storage_reuse[2->4-dtype0-True]
FAILED tests/unit_tests/resharding/test_delta_stream_lifetime.py::test_delta_writeback_finishes_before_receive_storage_reuse[2->4-dtype1-True]
FAILED tests/unit_tests/resharding/test_delta_stream_lifetime.py::test_delta_writeback_finishes_before_receive_storage_reuse[2->4-dtype2-True]
FAILED tests/unit_tests/resharding/test_delta_stream_lifetime.py::test_delta_writeback_finishes_before_receive_storage_reuse[4->2-dtype0-True]
FAILED tests/unit_tests/resharding/test_delta_stream_lifetime.py::test_delta_writeback_finishes_before_receive_storage_reuse[4->2-dtype1-True]
FAILED tests/unit_tests/resharding/test_delta_stream_lifetime.py::test_delta_writeback_finishes_before_receive_storage_reuse[4->2-dtype2-True]
6 failed, 6 passed, 7 warnings in 6.85s
