使用校准：calib_microbench_1009.json
  TP2 单步：a=293.3 ms，log2(B/16) 系数 -3.60 ms，每 KV token 0.0000 µs；24 点，残差绝对值中位 19.2 ms；C 取值 [512]
  TP4 单步：a=309.1 ms，log2(B/16) 系数 -0.64 ms，每 KV token 0.0000 µs；12 点，残差绝对值中位 31.9 ms；C 取值 [512]
  警告：微基准只有一个上下文长度，KV 读开销无法拟合，kv_coef 置 0（需跑上下文扫描）
  TP2 prefill：0.139 s + tokens / 6656（10 点）
  TP4 prefill：-0.019 s + tokens / 3991（7 点）
  校准后：STEP={'L': 0.29334887957013994, 'f4': 1.0536119401560595, 'slope': -0.012285045547095624, 'kv_coef': {2: 0.0, 4: 0.0}} PREFILL={2: (0.13891588050314488, 6656.452659713102), 4: (-0.01864399421128881, 3990.525389699744)}
## 显存模型（每卡 34.19 GB，十进制）
KV 字节/token/卡：TP2 138240，TP4 69120；非权重开销 2.1 GB，稳态余量 2.0 GB
  只驻留当前布局（WeaveTP、AnchorTP、重启、固定）      每副本 TP2  15.4 万 / TP4  37.2 万 | 全集群 TP2   123 万 / TP4   149 万
  两套权重常驻（Llumnix）                      每副本 TP2  12.2 万 / TP4  24.4 万 | 全集群 TP2    98 万 / TP4    98 万
  权重视图（Flying：TP4 仍占 TP2 权重）           每副本 TP2  15.4 万 / TP4  30.8 万 | 全集群 TP2   123 万 / TP4   123 万
切换峰值预算（源 + 目标 KV，每卡）：15.9 GB；受约束：weavetp, llumnix, anchortp；不受约束：flying_view, restart

切到 TP4 后全集群 KV 容量倍数：weavetp 1.21，llumnix 1.00，flying_view 1.00，anchortp 1.21，restart 1.21

## A：现规划 N=1，Sky-T1 全量，S=4000，L=600（计划：shared）：请求 8600 条，输入 + 输出 6.16 M token，计划切换 2 次
方法               总时长    吞吐比   TTFT均值 |     正常解码  prefill  限制接纳期解码    扩容前排空    缩容前排空    切换中解码   停：权重迁移   停：切换控制  停：KV 迁移   停：重启加载 停：重新 prefill | 停服合计
weavetp        89.1m  1.000    27.6m |   63.66m    2.85m   21.05m    1.19m    0.00m    0.14m    0.21m    0.00m    0.01m    0.00m    0.00m |   13.0s
fixed_tp2      98.4m  1.104    25.1m |   92.85m    5.53m    0.00m    0.00m    0.00m    0.00m    0.00m    0.00m    0.00m    0.00m    0.00m |    0.0s
fixed_tp4      94.0m  1.055    22.0m |   88.98m    5.06m    0.00m    0.00m    0.00m    0.00m    0.00m    0.00m    0.00m    0.00m    0.00m |    0.0s
llumnix       111.5m  1.252    39.1m |   90.25m    3.53m   16.87m    0.83m    0.00m    0.01m    0.00m    0.04m    0.01m    0.00m    0.00m |    2.7s
flying_view    99.5m  1.116    26.3m |   74.85m    4.14m   20.45m    0.00m    0.00m    0.00m    0.00m    0.03m    0.01m    0.00m    0.00m |    2.3s
anchortp       90.0m  1.010    27.9m |   63.83m    2.81m   20.91m    1.22m    0.00m    0.34m    0.86m    0.00m    0.01m    0.00m    0.00m |   52.2s
restart        91.8m  1.030    23.4m |   64.73m    4.13m   21.04m    0.00m    0.00m    0.00m    0.00m    0.00m    0.00m    1.17m    0.70m |  112.0s
各类别平均 KV 占用率（已用 / 容量）与解码速率（token/s，全集群）：
  weavetp      正常解码 29% 840；prefill 49% 50；限制接纳期解码 42% 432；扩容前排空 42% 4,822；切换中解码 28% 677
  fixed_tp2    正常解码 34% 737；prefill 54% 26
  fixed_tp4    正常解码 30% 769；prefill 44% 28
  llumnix      正常解码 37% 653；prefill 53% 41；限制接纳期解码 43% 343；扩容前排空 52% 4,456；切换中解码 37% 1,672
  flying_view  正常解码 30% 616；prefill 53% 35；限制接纳期解码 50% 1,089
  anchortp     正常解码 29% 833；prefill 49% 51；限制接纳期解码 42% 436；扩容前排空 42% 4,763；切换中解码 28% 946
  restart      正常解码 27% 696；prefill 47% 35；限制接纳期解码 47% 1,111
切换明细（WeaveTP 计划，各方法执行）：
  weavetp      2->4 t=   3.1m 墙钟    5.7s（KV 搬运   0.3s）在途   761 KV 8.10 GB/卡
  weavetp      4->2 t=  56.0m 墙钟   15.7s（KV 搬运   0.3s）在途    56 KV 7.74 GB/卡
  llumnix      2->4 t=   3.2m 墙钟    1.7s（KV 搬运   0.3s）在途   839 KV 8.00 GB/卡
  llumnix      4->2 t=  78.7m 墙钟    1.6s（KV 搬运   0.2s）在途   138 KV 5.43 GB/卡
  flying_view  2->4 t=   1.9m 墙钟    1.2s（KV 搬运   0.4s）在途  2046 KV 10.38 GB/卡
  flying_view  4->2 t=  67.5m 墙钟    1.1s（KV 搬运   0.3s）在途    52 KV 6.86 GB/卡
  anchortp     2->4 t=   3.1m 墙钟   36.3s（KV 搬运   0.3s）在途   735 KV 7.93 GB/卡
  anchortp     4->2 t=  56.4m 墙钟   36.3s（KV 搬运   0.3s）在途    57 KV 7.55 GB/卡
  restart      2->4 t=   1.9m 墙钟   68.2s（KV 搬运   0.4s）在途  2046 KV 10.38 GB/卡
  restart      4->2 t=  59.6m 墙钟   43.8s（KV 搬运   0.3s）在途    55 KV 6.89 GB/卡

## B：多次切换 N=4，Sky-T1 输出 1k–3k，S=2000，L=300（计划：shared）：请求 11200 条，输入 + 输出 7.04 M token，计划切换 6 次
方法               总时长    吞吐比   TTFT均值 |     正常解码  prefill  限制接纳期解码    扩容前排空    缩容前排空    切换中解码   停：权重迁移   停：切换控制  停：KV 迁移   停：重启加载 停：重新 prefill | 停服合计
weavetp        43.9m  1.000    14.9m |   13.36m    3.61m   18.32m    7.49m    0.00m    0.42m    0.63m    0.00m    0.02m    0.00m    0.00m |   39.4s
fixed_tp2      41.3m  0.942    12.8m |   32.60m    8.72m    0.00m    0.00m    0.00m    0.00m    0.00m    0.00m    0.00m    0.00m    0.00m |    0.0s
fixed_tp4      38.0m  0.868    11.6m |   31.84m    6.21m    0.00m    0.00m    0.00m    0.00m    0.00m    0.00m    0.00m    0.00m    0.00m |    0.0s
llumnix        48.2m  1.099    17.6m |   26.58m    6.10m    8.92m    5.65m    0.78m    0.03m    0.00m    0.11m    0.03m    0.00m    0.00m |    8.3s
flying_view    40.4m  0.922    12.8m |   20.60m    6.68m   13.00m    0.00m    0.00m    0.00m    0.00m    0.08m    0.05m    0.00m    0.00m |    7.6s
anchortp       46.6m  1.062    16.0m |   13.24m    3.44m   19.40m    6.85m    0.00m    1.01m    2.60m    0.00m    0.02m    0.00m    0.00m |  157.4s
restart        44.7m  1.018    14.7m |   15.39m    6.69m   16.31m    0.00m    0.00m    0.00m    0.00m    0.00m    0.00m    3.50m    2.76m |  375.8s
各类别平均 KV 占用率（已用 / 容量）与解码速率（token/s，全集群）：
  weavetp      正常解码 25% 2,121；prefill 41% 52；限制接纳期解码 36% 1,464；扩容前排空 41% 2,566；切换中解码 29% 1,056
  fixed_tp2    正常解码 43% 2,295；prefill 52% 21
  fixed_tp4    正常解码 38% 2,350；prefill 43% 30
  llumnix      正常解码 40% 1,952；prefill 49% 31；限制接纳期解码 49% 1,147；扩容前排空 52% 2,084；缩容前排空 45% 1,128；切换中解码 42% 1,094
  flying_view  正常解码 36% 2,112；prefill 50% 28；限制接纳期解码 55% 2,408
  anchortp     正常解码 22% 2,052；prefill 40% 54；限制接纳期解码 37% 1,462；扩容前排空 41% 2,662；切换中解码 28% 1,063
  restart      正常解码 34% 2,362；prefill 47% 28；限制接纳期解码 46% 2,359
切换明细（WeaveTP 计划，各方法执行）：
  weavetp      2->4 t=   7.4m 墙钟    5.7s（KV 搬运   0.3s）在途   367 KV 8.19 GB/卡
  weavetp      4->2 t=  16.6m 墙钟   15.7s（KV 搬运   0.3s）在途   195 KV 7.79 GB/卡
  weavetp      2->4 t=  19.4m 墙钟    5.7s（KV 搬运   0.3s）在途   348 KV 8.08 GB/卡
  weavetp      4->2 t=  20.4m 墙钟   15.7s（KV 搬运   0.3s）在途   522 KV 7.67 GB/卡
  weavetp      2->4 t=  25.8m 墙钟    5.7s（KV 搬运   0.3s）在途   358 KV 7.89 GB/卡
  weavetp      4->2 t=  34.3m 墙钟   15.7s（KV 搬运   0.3s）在途   209 KV 7.65 GB/卡
  llumnix      2->4 t=   9.5m 墙钟    1.7s（KV 搬运   0.3s）在途   338 KV 8.03 GB/卡
  llumnix      4->2 t=  18.7m 墙钟    1.6s（KV 搬运   0.3s）在途   209 KV 7.23 GB/卡
  llumnix      2->4 t=  22.1m 墙钟    1.7s（KV 搬运   0.3s）在途   317 KV 8.34 GB/卡
  llumnix      4->2 t=  22.9m 墙钟    1.7s（KV 搬运   0.3s）在途   477 KV 7.64 GB/卡
  llumnix      2->4 t=  30.8m 墙钟    1.7s（KV 搬运   0.3s）在途   325 KV 8.07 GB/卡
  llumnix      4->2 t=  38.2m 墙钟    1.7s（KV 搬运   0.3s）在途   264 KV 7.86 GB/卡
  flying_view  2->4 t=   4.8m 墙钟    1.2s（KV 搬运   0.5s）在途  1243 KV 10.96 GB/卡
  flying_view  4->2 t=  16.6m 墙钟    1.3s（KV 搬运   0.5s）在途   621 KV 11.66 GB/卡
  flying_view  2->4 t=  16.7m 墙钟    1.3s（KV 搬运   0.5s）在途   621 KV 11.68 GB/卡
  flying_view  4->2 t=  16.7m 墙钟    1.3s（KV 搬运   0.5s）在途   621 KV 11.66 GB/卡
  flying_view  2->4 t=  22.1m 墙钟    1.3s（KV 搬运   0.5s）在途  1072 KV 12.62 GB/卡
  flying_view  4->2 t=  33.0m 墙钟    1.2s（KV 搬运   0.4s）在途   315 KV 8.96 GB/卡
  anchortp     2->4 t=   7.4m 墙钟   36.3s（KV 搬运   0.3s）在途   355 KV 8.12 GB/卡
  anchortp     4->2 t=  17.2m 墙钟   36.3s（KV 搬运   0.3s）在途   188 KV 7.21 GB/卡
  anchortp     2->4 t=  20.6m 墙钟   36.3s（KV 搬运   0.3s）在途   280 KV 8.09 GB/卡
  anchortp     4->2 t=  21.7m 墙钟   36.3s（KV 搬运   0.3s）在途   526 KV 7.24 GB/卡
  anchortp     2->4 t=  26.2m 墙钟   36.3s（KV 搬运   0.3s）在途   523 KV 7.67 GB/卡
  anchortp     4->2 t=  36.7m 墙钟   36.3s（KV 搬运   0.3s）在途   160 KV 7.06 GB/卡
  restart      2->4 t=   4.8m 墙钟   70.4s（KV 搬运   0.5s）在途  1243 KV 10.96 GB/卡
  restart      4->2 t=  17.1m 墙钟   51.7s（KV 搬运   0.6s）在途   699 KV 13.62 GB/卡
  restart      2->4 t=  17.9m 墙钟   79.8s（KV 搬运   0.6s）在途   699 KV 13.84 GB/卡
  restart      4->2 t=  19.3m 墙钟   51.7s（KV 搬运   0.6s）在途   699 KV 13.62 GB/卡
  restart      2->4 t=  25.9m 墙钟   76.7s（KV 搬运   0.5s）在途  1057 KV 12.85 GB/卡
  restart      4->2 t=  38.1m 墙钟   45.6s（KV 搬运   0.4s）在途   250 KV 8.68 GB/卡

## A：现规划 N=1，Sky-T1 全量，S=4000，L=600（计划：own）：请求 8600 条，输入 + 输出 6.16 M token，计划切换 2 次
方法               总时长    吞吐比   TTFT均值 |     正常解码  prefill  限制接纳期解码    扩容前排空    缩容前排空    切换中解码   停：权重迁移   停：切换控制  停：KV 迁移   停：重启加载 停：重新 prefill | 停服合计
weavetp        89.1m  1.000    27.6m |   63.66m    2.85m   21.05m    1.19m    0.00m    0.14m    0.21m    0.00m    0.01m    0.00m    0.00m |   13.0s
fixed_tp2      98.4m  1.104    25.1m |   92.85m    5.53m    0.00m    0.00m    0.00m    0.00m    0.00m    0.00m    0.00m    0.00m    0.00m |    0.0s
fixed_tp4      94.0m  1.055    22.0m |   88.98m    5.06m    0.00m    0.00m    0.00m    0.00m    0.00m    0.00m    0.00m    0.00m    0.00m |    0.0s
llumnix       111.5m  1.251    33.5m |  105.59m    5.88m    0.00m    0.00m    0.00m    0.00m    0.00m    0.00m    0.00m    0.00m    0.00m |    0.0s
flying_view    98.4m  1.104    25.1m |   92.85m    5.53m    0.00m    0.00m    0.00m    0.00m    0.00m    0.00m    0.00m    0.00m    0.00m |    0.0s
anchortp       90.0m  1.010    27.6m |   64.39m    2.88m   20.32m    1.22m    0.00m    0.34m    0.86m    0.00m    0.01m    0.00m    0.00m |   52.3s
restart        92.1m  1.034    23.4m |   78.94m    4.98m    6.21m    0.00m    0.00m    0.00m    0.00m    0.00m    0.00m    1.17m    0.84m |  120.3s
各类别平均 KV 占用率（已用 / 容量）与解码速率（token/s，全集群）：
  weavetp      正常解码 29% 840；prefill 49% 50；限制接纳期解码 42% 432；扩容前排空 42% 4,822；切换中解码 28% 677
  fixed_tp2    正常解码 34% 737；prefill 54% 26
  fixed_tp4    正常解码 30% 769；prefill 44% 28
  llumnix      正常解码 38% 648；prefill 57% 24
  flying_view  正常解码 34% 737；prefill 54% 26
  anchortp     正常解码 29% 827；prefill 50% 50；限制接纳期解码 42% 443；扩容前排空 42% 4,763；切换中解码 29% 953
  restart      正常解码 32% 809；prefill 57% 29；限制接纳期解码 53% 732
切换明细（WeaveTP 计划，各方法执行）：
  weavetp      2->4 t=   3.1m 墙钟    5.7s（KV 搬运   0.3s）在途   761 KV 8.10 GB/卡
  weavetp      4->2 t=  56.0m 墙钟   15.7s（KV 搬运   0.3s）在途    56 KV 7.74 GB/卡
  anchortp     2->4 t=   3.1m 墙钟   36.3s（KV 搬运   0.3s）在途   735 KV 7.93 GB/卡
  anchortp     4->2 t=  55.8m 墙钟   36.3s（KV 搬运   0.3s）在途    60 KV 7.70 GB/卡
  restart      2->4 t=   1.9m 墙钟   68.2s（KV 搬运   0.4s）在途  2046 KV 10.38 GB/卡
  restart      4->2 t=  42.2m 墙钟   52.1s（KV 搬运   0.6s）在途   250 KV 13.86 GB/卡

## B：多次切换 N=4，Sky-T1 输出 1k–3k，S=2000，L=300（计划：own）：请求 11200 条，输入 + 输出 7.04 M token，计划切换 6 次
方法               总时长    吞吐比   TTFT均值 |     正常解码  prefill  限制接纳期解码    扩容前排空    缩容前排空    切换中解码   停：权重迁移   停：切换控制  停：KV 迁移   停：重启加载 停：重新 prefill | 停服合计
weavetp        43.9m  1.000    14.9m |   13.36m    3.61m   18.32m    7.49m    0.00m    0.42m    0.63m    0.00m    0.02m    0.00m    0.00m |   39.4s
fixed_tp2      41.3m  0.942    12.8m |   32.60m    8.72m    0.00m    0.00m    0.00m    0.00m    0.00m    0.00m    0.00m    0.00m    0.00m |    0.0s
fixed_tp4      38.0m  0.868    11.6m |   31.84m    6.21m    0.00m    0.00m    0.00m    0.00m    0.00m    0.00m    0.00m    0.00m    0.00m |    0.0s
llumnix        48.3m  1.101    16.8m |   39.02m    9.25m    0.00m    0.00m    0.00m    0.00m    0.00m    0.00m    0.00m    0.00m    0.00m |    0.0s
flying_view    41.3m  0.942    12.8m |   32.60m    8.72m    0.00m    0.00m    0.00m    0.00m    0.00m    0.00m    0.00m    0.00m    0.00m |    0.0s
anchortp       46.9m  1.068    15.9m |   13.25m    3.50m   19.12m    7.36m    0.00m    1.01m    2.60m    0.00m    0.02m    0.00m    0.00m |  157.5s
restart        44.9m  1.023    14.6m |   25.31m    7.33m    5.89m    0.00m    0.00m    0.00m    0.00m    0.00m    0.00m    3.50m    2.82m |  379.3s
各类别平均 KV 占用率（已用 / 容量）与解码速率（token/s，全集群）：
  weavetp      正常解码 25% 2,121；prefill 41% 52；限制接纳期解码 36% 1,464；扩容前排空 41% 2,566；切换中解码 29% 1,056
  fixed_tp2    正常解码 43% 2,295；prefill 52% 21
  fixed_tp4    正常解码 38% 2,350；prefill 43% 30
  llumnix      正常解码 46% 1,917；prefill 54% 20
  flying_view  正常解码 43% 2,295；prefill 52% 21
  anchortp     正常解码 22% 2,059；prefill 40% 53；限制接纳期解码 36% 1,430；扩容前排空 41% 2,602；切换中解码 28% 1,049
  restart      正常解码 43% 2,439；prefill 53% 25；限制接纳期解码 43% 2,222
切换明细（WeaveTP 计划，各方法执行）：
  weavetp      2->4 t=   7.4m 墙钟    5.7s（KV 搬运   0.3s）在途   367 KV 8.19 GB/卡
  weavetp      4->2 t=  16.6m 墙钟   15.7s（KV 搬运   0.3s）在途   195 KV 7.79 GB/卡
  weavetp      2->4 t=  19.4m 墙钟    5.7s（KV 搬运   0.3s）在途   348 KV 8.08 GB/卡
  weavetp      4->2 t=  20.4m 墙钟   15.7s（KV 搬运   0.3s）在途   522 KV 7.67 GB/卡
  weavetp      2->4 t=  25.8m 墙钟    5.7s（KV 搬运   0.3s）在途   358 KV 7.89 GB/卡
  weavetp      4->2 t=  34.3m 墙钟   15.7s（KV 搬运   0.3s）在途   209 KV 7.65 GB/卡
  anchortp     2->4 t=   7.4m 墙钟   36.3s（KV 搬运   0.3s）在途   355 KV 8.12 GB/卡
  anchortp     4->2 t=  17.0m 墙钟   36.3s（KV 搬运   0.3s）在途   207 KV 7.72 GB/卡
  anchortp     2->4 t=  20.2m 墙钟   36.3s（KV 搬运   0.3s）在途   320 KV 7.73 GB/卡
  anchortp     4->2 t=  21.7m 墙钟   36.3s（KV 搬运   0.3s）在途   505 KV 7.53 GB/卡
  anchortp     2->4 t=  26.9m 墙钟   36.3s（KV 搬运   0.3s）在途   397 KV 7.80 GB/卡
  anchortp     4->2 t=  37.0m 墙钟   36.3s（KV 搬运   0.3s）在途   195 KV 7.72 GB/卡
  restart      2->4 t=   4.8m 墙钟   70.4s（KV 搬运   0.5s）在途  1243 KV 10.96 GB/卡
  restart      4->2 t=  10.4m 墙钟   48.7s（KV 搬运   0.5s）在途   529 KV 11.14 GB/卡
  restart      2->4 t=  16.5m 墙钟   83.0s（KV 搬运   0.6s）在途  1028 KV 14.88 GB/卡
  restart      4->2 t=  21.1m 墙钟   49.4s（KV 搬运   0.5s）在途   594 KV 11.87 GB/卡
  restart      2->4 t=  25.8m 墙钟   79.7s（KV 搬运   0.6s）在途  1065 KV 14.26 GB/卡
  restart      4->2 t=  30.0m 墙钟   48.0s（KV 搬运   0.5s）在途   598 KV 10.63 GB/卡
