## 显存模型（每卡 34.19 GB，十进制）
KV 字节/token/卡：TP2 138240，TP4 69120；非权重开销 2.1 GB，稳态余量 2.0 GB
  只驻留当前布局（WeaveTP、AnchorTP、重启、固定）      每副本 TP2  15.4 万 / TP4  37.2 万 | 全集群 TP2   123 万 / TP4   149 万
  两套权重常驻（Llumnix）                      每副本 TP2  12.2 万 / TP4  24.4 万 | 全集群 TP2    98 万 / TP4    98 万
  权重视图（Flying：TP4 仍占 TP2 权重）           每副本 TP2  15.4 万 / TP4  30.8 万 | 全集群 TP2   123 万 / TP4   123 万
切换峰值预算（源 + 目标 KV，每卡）：15.9 GB；受约束：weavetp, llumnix, anchortp；不受约束：flying_view, restart

切到 TP4 后全集群 KV 容量倍数：weavetp 1.21，llumnix 1.00，flying_view 1.00，anchortp 1.21，restart 1.21

## A：现规划 N=1，Sky-T1 全量，S=4000，L=600（计划：shared）：请求 8600 条，输入 + 输出 6.16 M token，计划切换 2 次
方法               总时长    吞吐比   TTFT均值 |     正常解码  prefill  限制接纳期解码    扩容前排空    缩容前排空    切换中解码   停：权重迁移   停：切换控制  停：KV 迁移   停：重启加载 停：重新 prefill | 停服合计
weavetp        97.4m  1.000    31.0m |   69.19m    3.56m   22.87m    1.38m    0.00m    0.15m    0.20m    0.00m    0.01m    0.00m    0.00m |   12.5s
fixed_tp2     104.4m  1.072    27.2m |   97.89m    6.51m    0.00m    0.00m    0.00m    0.00m    0.00m    0.00m    0.00m    0.00m    0.00m |    0.0s
fixed_tp4     106.8m  1.097    26.6m |   97.88m    8.96m    0.00m    0.00m    0.00m    0.00m    0.00m    0.00m    0.00m    0.00m    0.00m |    0.0s
llumnix       121.7m  1.250    43.5m |   97.81m    4.64m   18.25m    0.95m    0.00m    0.01m    0.00m    0.04m    0.01m    0.00m    0.00m |    2.6s
flying_view   111.2m  1.143    30.5m |   80.97m    7.16m   23.08m    0.00m    0.00m    0.00m    0.00m    0.03m    0.01m    0.00m    0.00m |    2.3s
anchortp       98.3m  1.009    31.3m |   69.38m    3.49m   22.76m    1.42m    0.00m    0.36m    0.84m    0.00m    0.01m    0.00m    0.00m |   50.8s
restart       102.8m  1.056    27.3m |   70.05m    7.04m   23.86m    0.00m    0.00m    0.00m    0.00m    0.00m    0.00m    1.17m    0.70m |  112.0s
各类别平均 KV 占用率（已用 / 容量）与解码速率（token/s，全集群）：
  weavetp      正常解码 30% 773；prefill 49% 40；限制接纳期解码 42% 398；扩容前排空 42% 4,162；切换中解码 28% 638
  fixed_tp2    正常解码 34% 699；prefill 55% 22
  fixed_tp4    正常解码 31% 699；prefill 44% 16
  llumnix      正常解码 38% 603；prefill 52% 31；限制接纳期解码 43% 317；扩容前排空 52% 3,857；切换中解码 38% 1,479
  flying_view  正常解码 31% 570；prefill 54% 20；限制接纳期解码 51% 965
  anchortp     正常解码 30% 766；prefill 49% 41；限制接纳期解码 42% 401；扩容前排空 42% 4,115；切换中解码 29% 884
  restart      正常解码 28% 643；prefill 48% 20；限制接纳期解码 48% 979
切换明细（WeaveTP 计划，各方法执行）：
  weavetp      2->4 t=   3.5m 墙钟    5.7s（KV 搬运   0.3s）在途   761 KV 8.10 GB/卡
  weavetp      4->2 t=  62.9m 墙钟   15.7s（KV 搬运   0.3s）在途    56 KV 7.74 GB/卡
  llumnix      2->4 t=   3.6m 墙钟    1.7s（KV 搬运   0.3s）在途   839 KV 8.00 GB/卡
  llumnix      4->2 t=  87.4m 墙钟    1.6s（KV 搬运   0.2s）在途   138 KV 5.43 GB/卡
  flying_view  2->4 t=   2.1m 墙钟    1.2s（KV 搬运   0.4s）在途  2046 KV 10.38 GB/卡
  flying_view  4->2 t=  78.5m 墙钟    1.1s（KV 搬运   0.3s）在途    52 KV 6.86 GB/卡
  anchortp     2->4 t=   3.5m 墙钟   36.3s（KV 搬运   0.3s）在途   735 KV 7.93 GB/卡
  anchortp     4->2 t=  63.3m 墙钟   36.3s（KV 搬运   0.3s）在途    57 KV 7.55 GB/卡
  restart      2->4 t=   2.1m 墙钟   68.2s（KV 搬运   0.4s）在途  2046 KV 10.38 GB/卡
  restart      4->2 t=  69.9m 墙钟   43.8s（KV 搬运   0.3s）在途    55 KV 6.89 GB/卡

## B：多次切换 N=4，Sky-T1 输出 1k–3k，S=2000，L=300（计划：shared）：请求 11200 条，输入 + 输出 7.04 M token，计划切换 6 次
方法               总时长    吞吐比   TTFT均值 |     正常解码  prefill  限制接纳期解码    扩容前排空    缩容前排空    切换中解码   停：权重迁移   停：切换控制  停：KV 迁移   停：重启加载 停：重新 prefill | 停服合计
weavetp        49.2m  1.000    17.0m |   14.55m    4.01m   21.16m    8.41m    0.00m    0.47m    0.59m    0.00m    0.02m    0.00m    0.00m |   36.3s
fixed_tp2      46.7m  0.950    14.8m |   36.14m   10.58m    0.00m    0.00m    0.00m    0.00m    0.00m    0.00m    0.00m    0.00m    0.00m |    0.0s
fixed_tp4      50.6m  1.029    16.6m |   37.15m   13.48m    0.00m    0.00m    0.00m    0.00m    0.00m    0.00m    0.00m    0.00m    0.00m |    0.0s
llumnix        54.9m  1.117    20.4m |   29.68m    7.72m   10.20m    6.29m    0.89m    0.03m    0.00m    0.11m    0.03m    0.00m    0.00m |    8.1s
flying_view    49.5m  1.005    16.0m |   23.06m   10.86m   15.43m    0.00m    0.00m    0.00m    0.00m    0.08m    0.05m    0.00m    0.00m |    7.6s
anchortp       51.9m  1.055    18.1m |   14.39m    3.82m   22.37m    7.70m    0.00m    1.12m    2.49m    0.00m    0.02m    0.00m    0.00m |  150.7s
restart        53.2m  1.082    17.8m |   17.14m   10.52m   19.32m    0.00m    0.00m    0.00m    0.00m    0.00m    0.00m    3.50m    2.76m |  375.8s
各类别平均 KV 占用率（已用 / 容量）与解码速率（token/s，全集群）：
  weavetp      正常解码 26% 1,948；prefill 41% 46；限制接纳期解码 36% 1,268；扩容前排空 41% 2,285；切换中解码 29% 942
  fixed_tp2    正常解码 44% 2,070；prefill 52% 18
  fixed_tp4    正常解码 39% 2,014；prefill 44% 14
  llumnix      正常解码 40% 1,749；prefill 49% 24；限制接纳期解码 49% 1,002；扩容前排空 52% 1,873；缩容前排空 45% 989；切换中解码 42% 986
  flying_view  正常解码 37% 1,887；prefill 52% 17；限制接纳期解码 56% 2,029
  anchortp     正常解码 23% 1,887；prefill 40% 49；限制接纳期解码 37% 1,268；扩容前排空 41% 2,369；切换中解码 28% 957
  restart      正常解码 35% 2,121；prefill 47% 18；限制接纳期解码 46% 1,991
切换明细（WeaveTP 计划，各方法执行）：
  weavetp      2->4 t=   8.5m 墙钟    5.7s（KV 搬运   0.3s）在途   367 KV 8.19 GB/卡
  weavetp      4->2 t=  19.1m 墙钟   15.7s（KV 搬运   0.3s）在途   195 KV 7.79 GB/卡
  weavetp      2->4 t=  22.1m 墙钟    5.7s（KV 搬运   0.3s）在途   348 KV 8.08 GB/卡
  weavetp      4->2 t=  23.3m 墙钟   15.7s（KV 搬运   0.3s）在途   522 KV 7.67 GB/卡
  weavetp      2->4 t=  29.4m 墙钟    5.7s（KV 搬运   0.3s）在途   358 KV 7.89 GB/卡
  weavetp      4->2 t=  39.2m 墙钟   15.7s（KV 搬运   0.3s）在途   209 KV 7.65 GB/卡
  llumnix      2->4 t=  10.9m 墙钟    1.7s（KV 搬运   0.3s）在途   338 KV 8.03 GB/卡
  llumnix      4->2 t=  21.8m 墙钟    1.6s（KV 搬运   0.3s）在途   209 KV 7.23 GB/卡
  llumnix      2->4 t=  25.6m 墙钟    1.7s（KV 搬运   0.3s）在途   317 KV 8.34 GB/卡
  llumnix      4->2 t=  26.6m 墙钟    1.7s（KV 搬运   0.3s）在途   477 KV 7.64 GB/卡
  llumnix      2->4 t=  35.5m 墙钟    1.7s（KV 搬运   0.3s）在途   325 KV 8.07 GB/卡
  llumnix      4->2 t=  44.3m 墙钟    1.7s（KV 搬运   0.3s）在途   264 KV 7.86 GB/卡
  flying_view  2->4 t=   5.6m 墙钟    1.2s（KV 搬运   0.5s）在途  1243 KV 10.96 GB/卡
  flying_view  4->2 t=  21.3m 墙钟    1.3s（KV 搬运   0.5s）在途   621 KV 11.66 GB/卡
  flying_view  2->4 t=  21.3m 墙钟    1.3s（KV 搬运   0.5s）在途   621 KV 11.68 GB/卡
  flying_view  4->2 t=  21.4m 墙钟    1.3s（KV 搬运   0.5s）在途   621 KV 11.66 GB/卡
  flying_view  2->4 t=  27.6m 墙钟    1.3s（KV 搬运   0.5s）在途  1072 KV 12.62 GB/卡
  flying_view  4->2 t=  41.9m 墙钟    1.2s（KV 搬运   0.4s）在途   315 KV 8.96 GB/卡
  anchortp     2->4 t=   8.6m 墙钟   36.3s（KV 搬运   0.3s）在途   355 KV 8.12 GB/卡
  anchortp     4->2 t=  19.7m 墙钟   36.3s（KV 搬运   0.3s）在途   188 KV 7.21 GB/卡
  anchortp     2->4 t=  23.4m 墙钟   36.3s（KV 搬运   0.3s）在途   280 KV 8.09 GB/卡
  anchortp     4->2 t=  24.6m 墙钟   36.3s（KV 搬运   0.3s）在途   526 KV 7.24 GB/卡
  anchortp     2->4 t=  29.6m 墙钟   36.3s（KV 搬运   0.3s）在途   523 KV 7.67 GB/卡
  anchortp     4->2 t=  41.6m 墙钟   36.3s（KV 搬运   0.3s）在途   160 KV 7.06 GB/卡
  restart      2->4 t=   5.6m 墙钟   70.4s（KV 搬运   0.5s）在途  1243 KV 10.96 GB/卡
  restart      4->2 t=  21.4m 墙钟   51.7s（KV 搬运   0.6s）在途   699 KV 13.62 GB/卡
  restart      2->4 t=  22.2m 墙钟   79.8s（KV 搬运   0.6s）在途   699 KV 13.84 GB/卡
  restart      4->2 t=  23.5m 墙钟   51.7s（KV 搬运   0.6s）在途   699 KV 13.62 GB/卡
  restart      2->4 t=  31.0m 墙钟   76.7s（KV 搬运   0.5s）在途  1057 KV 12.85 GB/卡
  restart      4->2 t=  46.5m 墙钟   45.6s（KV 搬运   0.4s）在途   250 KV 8.68 GB/卡

## A：现规划 N=1，Sky-T1 全量，S=4000，L=600（计划：own）：请求 8600 条，输入 + 输出 6.16 M token，计划切换 2 次
方法               总时长    吞吐比   TTFT均值 |     正常解码  prefill  限制接纳期解码    扩容前排空    缩容前排空    切换中解码   停：权重迁移   停：切换控制  停：KV 迁移   停：重启加载 停：重新 prefill | 停服合计
weavetp        97.4m  1.000    31.0m |   69.19m    3.56m   22.87m    1.38m    0.00m    0.15m    0.20m    0.00m    0.01m    0.00m    0.00m |   12.5s
fixed_tp2     104.4m  1.072    27.2m |   97.89m    6.51m    0.00m    0.00m    0.00m    0.00m    0.00m    0.00m    0.00m    0.00m    0.00m |    0.0s
fixed_tp4     106.8m  1.097    26.6m |   97.88m    8.96m    0.00m    0.00m    0.00m    0.00m    0.00m    0.00m    0.00m    0.00m    0.00m |    0.0s
llumnix       117.7m  1.209    35.7m |  110.79m    6.95m    0.00m    0.00m    0.00m    0.00m    0.00m    0.00m    0.00m    0.00m    0.00m |    0.0s
flying_view   104.4m  1.072    27.2m |   97.89m    6.51m    0.00m    0.00m    0.00m    0.00m    0.00m    0.00m    0.00m    0.00m    0.00m |    0.0s
anchortp       98.3m  1.009    31.0m |   69.96m    3.55m   22.14m    1.42m    0.00m    0.36m    0.84m    0.00m    0.01m    0.00m    0.00m |   50.8s
restart       100.9m  1.036    26.8m |   85.48m    6.43m    6.97m    0.00m    0.00m    0.00m    0.00m    0.00m    0.00m    1.17m    0.84m |  120.3s
各类别平均 KV 占用率（已用 / 容量）与解码速率（token/s，全集群）：
  weavetp      正常解码 30% 773；prefill 49% 40；限制接纳期解码 42% 398；扩容前排空 42% 4,162；切换中解码 28% 638
  fixed_tp2    正常解码 34% 699；prefill 55% 22
  fixed_tp4    正常解码 31% 699；prefill 44% 16
  llumnix      正常解码 38% 618；prefill 57% 21
  flying_view  正常解码 34% 699；prefill 55% 22
  anchortp     正常解码 30% 761；prefill 49% 40；限制接纳期解码 43% 407；扩容前排空 42% 4,115；切换中解码 29% 888
  restart      正常解码 33% 747；prefill 56% 22；限制接纳期解码 53% 653
切换明细（WeaveTP 计划，各方法执行）：
  weavetp      2->4 t=   3.5m 墙钟    5.7s（KV 搬运   0.3s）在途   761 KV 8.10 GB/卡
  weavetp      4->2 t=  62.9m 墙钟   15.7s（KV 搬运   0.3s）在途    56 KV 7.74 GB/卡
  anchortp     2->4 t=   3.5m 墙钟   36.3s（KV 搬运   0.3s）在途   735 KV 7.93 GB/卡
  anchortp     4->2 t=  62.6m 墙钟   36.3s（KV 搬运   0.3s）在途    60 KV 7.70 GB/卡
  restart      2->4 t=   2.1m 墙钟   68.2s（KV 搬运   0.4s）在途  2046 KV 10.38 GB/卡
  restart      4->2 t=  48.3m 墙钟   52.1s（KV 搬运   0.6s）在途   250 KV 13.86 GB/卡

## B：多次切换 N=4，Sky-T1 输出 1k–3k，S=2000，L=300（计划：own）：请求 11200 条，输入 + 输出 7.04 M token，计划切换 6 次
方法               总时长    吞吐比   TTFT均值 |     正常解码  prefill  限制接纳期解码    扩容前排空    缩容前排空    切换中解码   停：权重迁移   停：切换控制  停：KV 迁移   停：重启加载 停：重新 prefill | 停服合计
weavetp        49.2m  1.000    17.0m |   14.55m    4.01m   21.16m    8.41m    0.00m    0.47m    0.59m    0.00m    0.02m    0.00m    0.00m |   36.3s
fixed_tp2      46.7m  0.950    14.8m |   36.14m   10.58m    0.00m    0.00m    0.00m    0.00m    0.00m    0.00m    0.00m    0.00m    0.00m |    0.0s
fixed_tp4      50.6m  1.029    16.6m |   37.15m   13.48m    0.00m    0.00m    0.00m    0.00m    0.00m    0.00m    0.00m    0.00m    0.00m |    0.0s
llumnix        54.3m  1.104    19.2m |   43.01m   11.30m    0.00m    0.00m    0.00m    0.00m    0.00m    0.00m    0.00m    0.00m    0.00m |    0.0s
flying_view    46.7m  0.950    14.8m |   36.14m   10.58m    0.00m    0.00m    0.00m    0.00m    0.00m    0.00m    0.00m    0.00m    0.00m |    0.0s
anchortp       52.3m  1.062    18.0m |   14.40m    3.91m   22.05m    8.27m    0.00m    1.12m    2.49m    0.00m    0.02m    0.00m    0.00m |  150.6s
restart        51.4m  1.046    17.1m |   28.36m    9.80m    6.96m    0.00m    0.00m    0.00m    0.00m    0.00m    0.00m    3.50m    2.82m |  379.3s
各类别平均 KV 占用率（已用 / 容量）与解码速率（token/s，全集群）：
  weavetp      正常解码 26% 1,948；prefill 41% 46；限制接纳期解码 36% 1,268；扩容前排空 41% 2,285；切换中解码 29% 942
  fixed_tp2    正常解码 44% 2,070；prefill 52% 18
  fixed_tp4    正常解码 39% 2,014；prefill 44% 14
  llumnix      正常解码 46% 1,740；prefill 54% 17
  flying_view  正常解码 44% 2,070；prefill 52% 18
  anchortp     正常解码 23% 1,895；prefill 40% 48；限制接纳期解码 36% 1,240；扩容前排空 41% 2,316；切换中解码 28% 941
  restart      正常解码 44% 2,176；prefill 53% 19；限制接纳期解码 43% 1,881
切换明细（WeaveTP 计划，各方法执行）：
  weavetp      2->4 t=   8.5m 墙钟    5.7s（KV 搬运   0.3s）在途   367 KV 8.19 GB/卡
  weavetp      4->2 t=  19.1m 墙钟   15.7s（KV 搬运   0.3s）在途   195 KV 7.79 GB/卡
  weavetp      2->4 t=  22.1m 墙钟    5.7s（KV 搬运   0.3s）在途   348 KV 8.08 GB/卡
  weavetp      4->2 t=  23.3m 墙钟   15.7s（KV 搬运   0.3s）在途   522 KV 7.67 GB/卡
  weavetp      2->4 t=  29.4m 墙钟    5.7s（KV 搬运   0.3s）在途   358 KV 7.89 GB/卡
  weavetp      4->2 t=  39.2m 墙钟   15.7s（KV 搬运   0.3s）在途   209 KV 7.65 GB/卡
  anchortp     2->4 t=   8.6m 墙钟   36.3s（KV 搬运   0.3s）在途   355 KV 8.12 GB/卡
  anchortp     4->2 t=  19.4m 墙钟   36.3s（KV 搬运   0.3s）在途   207 KV 7.72 GB/卡
  anchortp     2->4 t=  22.9m 墙钟   36.3s（KV 搬运   0.3s）在途   320 KV 7.73 GB/卡
  anchortp     4->2 t=  24.6m 墙钟   36.3s（KV 搬运   0.3s）在途   505 KV 7.53 GB/卡
  anchortp     2->4 t=  30.4m 墙钟   36.3s（KV 搬运   0.3s）在途   397 KV 7.80 GB/卡
  anchortp     4->2 t=  42.0m 墙钟   36.3s（KV 搬运   0.3s）在途   195 KV 7.72 GB/卡
  restart      2->4 t=   5.6m 墙钟   70.4s（KV 搬运   0.5s）在途  1243 KV 10.96 GB/卡
  restart      4->2 t=  12.4m 墙钟   48.7s（KV 搬运   0.5s）在途   529 KV 11.14 GB/卡
  restart      2->4 t=  19.3m 墙钟   83.0s（KV 搬运   0.6s）在途  1028 KV 14.88 GB/卡
  restart      4->2 t=  24.9m 墙钟   49.4s（KV 搬运   0.5s）在途   594 KV 11.87 GB/卡
  restart      2->4 t=  30.2m 墙钟   79.7s（KV 搬运   0.6s）在途  1065 KV 14.26 GB/卡
  restart      4->2 t=  35.3m 墙钟   48.0s（KV 搬运   0.5s）在途   598 KV 10.63 GB/卡
