T= 16k L= 184 短段合计=  8000 | 对TP2 1.283 对TP4 1.284 对较好固定 1.283 | 对重启 1.007 对Llumnix 1.664 | W 3.2 h（TP2 4.1 h，TP4 4.1 h）throttle
T= 16k L= 184 短段合计= 16000 | 对TP2 1.059 对TP4 0.885 对较好固定 0.885 | 对重启 1.014 对Llumnix 1.348 | W 4.1 h（TP2 4.3 h，TP4 3.6 h）throttle
T= 16k L= 184 短段合计= 32000 | 对TP2 1.018 对TP4 0.906 对较好固定 0.906 | 对重启 0.824 对Llumnix 1.290 | W 4.5 h（TP2 4.6 h，TP4 4.1 h）throttle
T= 16k L= 184 短段合计= 60000 | 对TP2 1.196 对TP4 1.213 对较好固定 1.196 | 对重启 1.005 对Llumnix 1.495 | W 4.2 h（TP2 5.0 h，TP4 5.1 h）throttle
T= 16k L= 276 短段合计=  8000 | 对TP2 1.184 对TP4 1.215 对较好固定 1.184 | 对重启 1.186 对Llumnix 1.487 | W 4.7 h（TP2 5.5 h，TP4 5.7 h）throttle
T= 16k L= 276 短段合计= 16000 | 对TP2 1.031 对TP4 0.918 对较好固定 0.918 | 对重启 1.012 对Llumnix 1.281 | W 5.5 h（TP2 5.7 h，TP4 5.1 h）throttle
T= 16k L= 276 短段合计= 32000 | 对TP2 1.059 对TP4 1.067 对较好固定 1.059 | 对重启 0.893 对Llumnix 1.303 | W 5.7 h（TP2 6.1 h，TP4 6.1 h）throttle
T= 16k L= 276 短段合计= 60000 | 对TP2 1.181 对TP4 1.266 对较好固定 1.181 | 对重启 1.122 对Llumnix 1.433 | W 5.6 h（TP2 6.6 h，TP4 7.1 h）throttle
T= 32k L=  88 短段合计=  8000 | 对TP2 1.331 对TP4 1.027 对较好固定 1.027 | 对重启 1.011 对Llumnix 1.732 | W 6.2 h（TP2 8.2 h，TP4 6.3 h）throttle
T= 32k L=  88 短段合计= 16000 | 对TP2 1.338 对TP4 1.054 对较好固定 1.054 | 对重启 1.019 对Llumnix 1.740 | W 6.3 h（TP2 8.5 h，TP4 6.7 h）throttle
T= 32k L=  88 短段合计= 32000 | 对TP2 1.323 对TP4 1.092 对较好固定 1.092 | 对重启 1.009 对Llumnix 1.709 | W 6.6 h（TP2 8.7 h，TP4 7.2 h）throttle
T= 32k L=  88 短段合计= 60000 | 对TP2 1.298 对TP4 1.110 对较好固定 1.110 | 对重启 0.999 对Llumnix 1.671 | W 7.2 h（TP2 9.3 h，TP4 8.0 h）throttle
T= 32k L= 132 短段合计=  8000 | 对TP2 1.218 对TP4 1.017 对较好固定 1.017 | 对重启 1.007 对Llumnix 1.724 | W 9.2 h（TP2 11.2 h，TP4 9.4 h）throttle
T= 32k L= 132 短段合计= 16000 | 对TP2 1.402 对TP4 1.038 对较好固定 1.038 | 对重启 1.006 对Llumnix 1.734 | W 9.3 h（TP2 13.0 h，TP4 9.7 h）throttle
T= 32k L= 132 短段合计= 32000 | 对TP2 1.413 对TP4 1.061 对较好固定 1.061 | 对重启 1.009 对Llumnix 1.744 | W 9.5 h（TP2 13.4 h，TP4 10.1 h）throttle
T= 32k L= 132 短段合计= 60000 | 对TP2 1.392 对TP4 1.098 对较好固定 1.098 | 对重启 1.005 对Llumnix 1.704 | W 10.0 h（TP2 13.9 h，TP4 11.0 h）throttle
T= 52k L=  56 短段合计=  8000 | 对TP2 1.285 对TP4 1.031 对较好固定 1.031 | 对重启 0.977 对Llumnix 1.302 | W 13.5 h（TP2 17.3 h，TP4 13.9 h）throttle
T= 52k L=  56 短段合计= 16000 | 对TP2 1.304 对TP4 1.083 对较好固定 1.083 | 对重启 1.063 对Llumnix 1.389 | W 12.8 h（TP2 16.7 h，TP4 13.9 h）throttle
T= 52k L=  56 短段合计= 32000 | 对TP2 1.361 对TP4 1.059 对较好固定 1.059 | 对重启 1.017 对Llumnix 1.728 | W 10.2 h（TP2 13.9 h，TP4 10.8 h）throttle
T= 52k L=  56 短段合计= 60000 | 对TP2 1.043 对TP4 0.853 对较好固定 0.853 | 对重启 1.014 对Llumnix 1.318 | W 14.2 h（TP2 14.8 h，TP4 12.1 h）throttle
T= 52k L=  84 短段合计=  8000 | 对TP2 1.230 对TP4 1.024 对较好固定 1.024 | 对重启 0.990 对Llumnix 1.447 | W 17.9 h（TP2 22.0 h，TP4 18.3 h）throttle
T= 52k L=  84 短段合计= 16000 | 对TP2 1.277 对TP4 1.056 对较好固定 1.056 | 对重启 1.043 对Llumnix 1.499 | W 17.1 h（TP2 21.8 h，TP4 18.0 h）throttle
T= 52k L=  84 短段合计= 32000 | 对TP2 1.482 对TP4 1.252 对较好固定 1.252 | 对重启 1.216 对Llumnix 1.740 | W 15.0 h（TP2 22.3 h，TP4 18.8 h）throttle
T= 52k L=  84 短段合计= 60000 | 对TP2 1.227 对TP4 0.921 对较好固定 0.921 | 对重启 1.013 对Llumnix 1.450 | W 18.4 h（TP2 22.5 h，TP4 16.9 h）throttle
T= 80k L=  32 短段合计=  8000 | 对TP2 1.683 对TP4 1.004 对较好固定 1.004 | 对重启 1.001 对Llumnix 1.853 | W 15.3 h（TP2 25.7 h，TP4 15.3 h）after_long
T= 80k L=  32 短段合计= 16000 | 对TP2 1.741 对TP4 1.008 对较好固定 1.008 | 对重启 1.001 对Llumnix 1.782 | W 15.7 h（TP2 27.4 h，TP4 15.9 h）after_long
T= 80k L=  32 短段合计= 32000 | 对TP2 1.379 对TP4 1.017 对较好固定 1.017 | 对重启 1.001 对Llumnix 1.780 | W 15.7 h（TP2 21.7 h，TP4 16.0 h）after_long
T= 80k L=  32 短段合计= 60000 | 对TP2 1.669 对TP4 1.032 对较好固定 1.032 | 对重启 1.001 对Llumnix 1.708 | W 16.9 h（TP2 28.2 h，TP4 17.4 h）after_long
T= 80k L=  48 短段合计=  8000 | 对TP2 1.533 对TP4 1.003 对较好固定 1.003 | 对重启 1.001 对Llumnix 1.857 | W 22.9 h（TP2 35.1 h，TP4 22.9 h）after_long
T= 80k L=  48 短段合计= 16000 | 对TP2 1.748 对TP4 1.005 对较好固定 1.005 | 对重启 1.001 对Llumnix 1.774 | W 23.3 h（TP2 40.7 h，TP4 23.4 h）after_long
T= 80k L=  48 短段合计= 32000 | 对TP2 1.464 对TP4 1.012 对较好固定 1.012 | 对重启 1.001 对Llumnix 1.793 | W 23.0 h（TP2 33.7 h，TP4 23.3 h）after_long
T= 80k L=  48 短段合计= 60000 | 对TP2 1.676 对TP4 1.028 对较好固定 1.028 | 对重启 1.007 对Llumnix 1.780 | W 23.8 h（TP2 39.9 h，TP4 24.5 h）throttle
