每副本容量 TP2 154k，TP4 372k token；全集群 TP2 8 副本、TP4 4 副本；B_max 256/副本
长请求总长 | 全集群并发 TP2/TP4 | S | 对TP2 对TP4 对较好固定 | WeaveTP 时长 | 规则
    8k |  152 /  184 (1.21x) |  2000 | 1.038 1.016 1.016 |   3.29 h | throttle
    8k |  152 /  184 (1.21x) |  4000 | 1.114 1.031 1.031 |   3.17 h | throttle
    8k |  152 /  184 (1.21x) |  8000 | 1.052 0.997 0.997 |   3.50 h | throttle
   16k |   72 /   92 (1.28x) |  2000 | 1.125 1.014 1.014 |   6.83 h | throttle
   16k |   72 /   92 (1.28x) |  4000 | 1.274 1.125 1.125 |   6.03 h | throttle
   16k |   72 /   92 (1.28x) |  8000 | 1.123 1.007 1.007 |   6.96 h | throttle
   24k |   48 /   60 (1.25x) |  2000 | 1.158 1.006 1.006 |   9.19 h | throttle
   24k |   48 /   60 (1.25x) |  4000 | 1.154 1.017 1.017 |   9.12 h | throttle
   24k |   48 /   60 (1.25x) |  8000 | 1.174 1.039 1.039 |   9.18 h | throttle
   32k |   32 /   44 (1.38x) |  2000 | 1.322 1.004 1.004 |  11.99 h | throttle
   32k |   32 /   44 (1.38x) |  4000 | 1.309 1.014 1.014 |  11.96 h | throttle
   32k |   32 /   44 (1.38x) |  8000 | 1.315 1.017 1.017 |  12.14 h | throttle
   40k |   24 /   36 (1.50x) |  2000 | 1.184 0.893 0.893 |  16.86 h | throttle
   40k |   24 /   36 (1.50x) |  4000 | 1.333 1.017 1.017 |  15.18 h | throttle
   40k |   24 /   36 (1.50x) |  8000 | 1.177 0.908 0.908 |  17.18 h | throttle
   52k |   16 /   28 (1.75x) |  2000 | 1.385 1.156 1.156 |  19.48 h | throttle
   52k |   16 /   28 (1.75x) |  4000 | 1.203 0.999 0.999 |  22.24 h | throttle
   52k |   16 /   28 (1.75x) |  8000 | 1.231 1.015 1.015 |  21.80 h | throttle
   64k |   16 /   20 (1.25x) |  2000 | 1.169 1.001 1.001 |  24.02 h | after_long
   64k |   16 /   20 (1.25x) |  4000 | 1.157 1.017 1.017 |  24.10 h | after_long
   64k |   16 /   20 (1.25x) |  8000 | 1.161 1.010 1.010 |  23.85 h | throttle
   80k |    8 /   16 (2.00x) |  2000 | 1.606 1.006 1.006 |  29.89 h | after_long
   80k |    8 /   16 (2.00x) |  4000 | 1.573 1.002 1.002 |  29.83 h | after_long
   80k |    8 /   16 (2.00x) |  8000 | 1.541 1.009 1.009 |  29.70 h | throttle
