sky_t1_17k    N=2 S= 5000 L= 600 B=128 throttle | W  3.28h sw=4 | fixed_tp2:1.004 weavetp_ideal:0.945 anchortp:1.005 anchortp_fast:1.000 llumnix:1.269 llumnix_static:1.173 flying_view:1.105 flying_both:1.281 restart:1.019 fixed_tp4:1.040
sky_t1_17k    N=2 S= 5000 L= 600 B=160 throttle | W  3.14h sw=4 | fixed_tp2:1.038 weavetp_ideal:0.973 anchortp:1.008 anchortp_fast:1.003 llumnix:1.311 llumnix_static:1.219 flying_view:1.131 flying_both:1.320 restart:1.035 fixed_tp4:1.049
sky_t1_17k    N=2 S=15000 L= 600 B=128 throttle | W  4.15h sw=4 | fixed_tp2:0.999 weavetp_ideal:0.970 anchortp:1.004 anchortp_fast:1.001 llumnix:1.189 llumnix_static:1.117 flying_view:1.102 flying_both:1.208 restart:1.036 fixed_tp4:1.230
sky_t1_17k    N=2 S=15000 L= 600 B=160 throttle | W  3.94h sw=4 | fixed_tp2:1.014 weavetp_ideal:0.979 anchortp:1.005 anchortp_fast:1.001 llumnix:1.211 llumnix_static:1.152 flying_view:1.109 flying_both:1.233 restart:1.040 fixed_tp4:1.199
sky_t1_17k    N=2 S= 5000 L=1200 B=128 throttle | W  5.28h sw=4 | fixed_tp2:1.048 weavetp_ideal:0.978 anchortp:1.003 anchortp_fast:1.000 llumnix:1.338 llumnix_static:1.249 flying_view:1.140 flying_both:1.341 restart:1.018 fixed_tp4:1.043
sky_t1_17k    N=2 S= 5000 L=1200 B=160 throttle | W  5.22h sw=4 | fixed_tp2:1.053 weavetp_ideal:0.983 anchortp:1.004 anchortp_fast:1.001 llumnix:1.339 llumnix_static:1.256 flying_view:1.141 flying_both:1.348 restart:1.019 fixed_tp4:1.030
sky_t1_17k    N=2 S=15000 L=1200 B=128 throttle | W  6.19h sw=4 | fixed_tp2:1.026 weavetp_ideal:0.970 anchortp:1.003 anchortp_fast:1.000 llumnix:1.295 llumnix_static:1.202 flying_view:1.125 flying_both:1.294 restart:1.015 fixed_tp4:1.141
sky_t1_17k    N=2 S=15000 L=1200 B=160 throttle | W  5.88h sw=4 | fixed_tp2:1.053 weavetp_ideal:0.989 anchortp:1.002 anchortp_fast:0.999 llumnix:1.324 llumnix_static:1.246 flying_view:1.147 flying_both:1.336 restart:1.023 fixed_tp4:1.134
openr1_math   N=2 S= 5000 L= 600 B=128 throttle | W  5.05h sw=4 | fixed_tp2:1.023 weavetp_ideal:0.948 anchortp:1.002 anchortp_fast:0.999 llumnix:1.304 llumnix_static:1.228 flying_view:1.110 flying_both:1.309 restart:0.997 fixed_tp4:1.007
openr1_math   N=2 S= 5000 L= 600 B=160 throttle | W  4.88h sw=4 | fixed_tp2:1.050 weavetp_ideal:0.978 anchortp:1.006 anchortp_fast:1.003 llumnix:1.345 llumnix_static:1.267 flying_view:1.134 flying_both:1.344 restart:1.017 fixed_tp4:1.023
openr1_math   N=2 S=15000 L= 600 B=128 throttle | W  5.89h sw=4 | fixed_tp2:1.020 weavetp_ideal:0.966 anchortp:1.001 anchortp_fast:0.999 llumnix:1.264 llumnix_static:1.197 flying_view:1.120 flying_both:1.276 restart:1.028 fixed_tp4:1.135
openr1_math   N=2 S=15000 L= 600 B=160 throttle | W  5.74h sw=4 | fixed_tp2:1.030 weavetp_ideal:0.970 anchortp:1.002 anchortp_fast:1.000 llumnix:1.278 llumnix_static:1.214 flying_view:1.129 flying_both:1.285 restart:1.036 fixed_tp4:1.099
openr1_math   N=2 S= 5000 L=1200 B=128 throttle | W  8.76h sw=4 | fixed_tp2:1.063 weavetp_ideal:0.979 anchortp:1.001 anchortp_fast:1.000 llumnix:1.421 llumnix_static:1.303 flying_view:1.156 flying_both:1.404 restart:1.006 fixed_tp4:1.014
openr1_math   N=2 S= 5000 L=1200 B=160 throttle | W  8.57h sw=4 | fixed_tp2:1.084 weavetp_ideal:0.996 anchortp:1.004 anchortp_fast:1.002 llumnix:1.428 llumnix_static:1.328 flying_view:1.174 flying_both:1.433 restart:1.015 fixed_tp4:1.022
openr1_math   N=2 S=15000 L=1200 B=128 throttle | W  9.71h sw=4 | fixed_tp2:1.055 weavetp_ideal:0.978 anchortp:1.003 anchortp_fast:1.001 llumnix:1.359 llumnix_static:1.275 flying_view:1.152 flying_both:1.364 restart:1.016 fixed_tp4:1.081
openr1_math   N=2 S=15000 L=1200 B=160 throttle | W  9.45h sw=4 | fixed_tp2:1.072 weavetp_ideal:0.989 anchortp:1.002 anchortp_fast:1.000 llumnix:1.390 llumnix_static:1.298 flying_view:1.171 flying_both:1.399 restart:1.019 fixed_tp4:1.070
longwriter_6k N=2 S= 5000 L= 600 B=128 throttle | W  1.61h sw=1 | fixed_tp2:0.931 weavetp_ideal:1.000 anchortp:1.003 anchortp_fast:1.000 llumnix:1.030 llumnix_static:0.961 flying_view:1.000 flying_both:1.030 restart:1.010 fixed_tp4:1.088
longwriter_6k N=2 S= 5000 L= 600 B=160 throttle | W  1.58h sw=1 | fixed_tp2:0.934 weavetp_ideal:1.001 anchortp:1.003 anchortp_fast:1.000 llumnix:1.033 llumnix_static:0.973 flying_view:1.005 flying_both:1.033 restart:1.011 fixed_tp4:1.077
longwriter_6k N=2 S=15000 L= 600 B=128 throttle | W  1.42h sw=0 | fixed_tp2:1.000 weavetp_ideal:1.000 anchortp:1.000 anchortp_fast:1.000 llumnix:1.000 llumnix_static:1.000 flying_view:1.000 flying_both:1.000 restart:1.000 fixed_tp4:1.387
longwriter_6k N=2 S=15000 L= 600 B=160 throttle | W  1.32h sw=0 | fixed_tp2:1.000 weavetp_ideal:1.000 anchortp:1.000 anchortp_fast:1.000 llumnix:1.006 llumnix_static:1.006 flying_view:1.000 flying_both:1.006 restart:1.000 fixed_tp4:1.363
longwriter_6k N=2 S= 5000 L=1200 B=128 throttle | W  1.61h sw=1 | fixed_tp2:0.931 weavetp_ideal:1.000 anchortp:1.003 anchortp_fast:1.000 llumnix:1.030 llumnix_static:0.961 flying_view:1.000 flying_both:1.030 restart:1.010 fixed_tp4:1.088
longwriter_6k N=2 S= 5000 L=1200 B=160 throttle | W  1.58h sw=1 | fixed_tp2:0.934 weavetp_ideal:1.001 anchortp:1.003 anchortp_fast:1.000 llumnix:1.033 llumnix_static:0.973 flying_view:1.005 flying_both:1.033 restart:1.011 fixed_tp4:1.077
longwriter_6k N=2 S=15000 L=1200 B=128 throttle | W  1.42h sw=0 | fixed_tp2:1.000 weavetp_ideal:1.000 anchortp:1.000 anchortp_fast:1.000 llumnix:1.000 llumnix_static:1.000 flying_view:1.000 flying_both:1.000 restart:1.000 fixed_tp4:1.387
longwriter_6k N=2 S=15000 L=1200 B=160 throttle | W  1.32h sw=0 | fixed_tp2:1.000 weavetp_ideal:1.000 anchortp:1.000 anchortp_fast:1.000 llumnix:1.006 llumnix_static:1.006 flying_view:1.000 flying_both:1.006 restart:1.000 fixed_tp4:1.363
limo          N=2 S= 5000 L= 300 B=128 throttle | W  3.58h sw=4 | fixed_tp2:1.014 weavetp_ideal:0.960 anchortp:1.004 anchortp_fast:0.999 llumnix:1.306 llumnix_static:1.189 flying_view:1.111 flying_both:1.291 restart:1.023 fixed_tp4:1.036
limo          N=2 S= 5000 L= 300 B=160 throttle | W  3.51h sw=4 | fixed_tp2:1.024 weavetp_ideal:0.973 anchortp:1.006 anchortp_fast:1.002 llumnix:1.349 llumnix_static:1.208 flying_view:1.093 flying_both:1.279 restart:1.023 fixed_tp4:1.025
limo          N=2 S=15000 L= 300 B=128 throttle | W  4.42h sw=4 | fixed_tp2:0.983 weavetp_ideal:0.935 anchortp:1.002 anchortp_fast:0.999 llumnix:1.173 llumnix_static:1.118 flying_view:1.095 flying_both:1.201 restart:1.037 fixed_tp4:1.153
limo          N=2 S=15000 L= 300 B=160 throttle | W  4.12h sw=4 | fixed_tp2:1.016 weavetp_ideal:0.967 anchortp:1.004 anchortp_fast:1.000 llumnix:1.260 llumnix_static:1.169 flying_view:1.119 flying_both:1.252 restart:1.041 fixed_tp4:1.148
s1k_1.1       N=2 S= 5000 L= 300 B=128 throttle | W  5.16h sw=4 | fixed_tp2:1.023 weavetp_ideal:0.944 anchortp:1.003 anchortp_fast:1.000 llumnix:1.342 llumnix_static:1.227 flying_view:1.111 flying_both:1.315 restart:1.004 fixed_tp4:0.995
s1k_1.1       N=2 S= 5000 L= 300 B=160 throttle | W  5.10h sw=4 | fixed_tp2:1.030 weavetp_ideal:0.955 anchortp:1.002 anchortp_fast:0.999 llumnix:1.302 llumnix_static:1.230 flying_view:1.117 flying_both:1.316 restart:1.009 fixed_tp4:0.985
s1k_1.1       N=2 S=15000 L= 300 B=128 throttle | W  5.99h sw=4 | fixed_tp2:1.005 weavetp_ideal:0.940 anchortp:1.013 anchortp_fast:1.010 llumnix:1.276 llumnix_static:1.187 flying_view:1.129 flying_both:1.285 restart:1.025 fixed_tp4:1.097
s1k_1.1       N=2 S=15000 L= 300 B=160 throttle | W  5.64h sw=4 | fixed_tp2:1.046 weavetp_ideal:0.979 anchortp:0.997 anchortp_fast:0.994 llumnix:1.313 llumnix_static:1.246 flying_view:1.149 flying_both:1.334 restart:1.043 fixed_tp4:1.102
